[NX Daemon Server] - 2025-09-11T02:11:28.368Z - Started listening on: \\.\pipe\nx\C:\Users\CARLAR~2\AppData\Local\Temp\d21a4b91f968e1b3ba9a\d.sock
[NX Daemon Server] - 2025-09-11T02:11:28.383Z - [WATCHER]: Subscribed to changes within: D:\repos\plural-plataforma (native)
[NX Daemon Server] - 2025-09-11T02:11:28.389Z - Established a connection. Number of open connections: 1
[NX Daemon Server] - 2025-09-11T02:11:28.390Z - Established a connection. Number of open connections: 2
[NX Daemon Server] - 2025-09-11T02:11:28.393Z - Closed a connection. Number of open connections: 1
[NX Daemon Server] - 2025-09-11T02:11:28.397Z - [REQUEST]: Responding to the client. Shutdown initiated
[NX Daemon Server] - 2025-09-11T02:11:28.399Z - Done responding to the client Shutdown initiated
[NX Daemon Server] - 2025-09-11T02:11:28.400Z - Handled FORCE_SHUTDOWN. Handling time: 1. Response time: 3.
[NX Daemon Server] - 2025-09-11T02:11:28.400Z - Closed a connection. Number of open connections: 0
[NX Daemon Server] - 2025-09-11T02:11:28.401Z - [WATCHER]: Stopping the watcher for D:\repos\plural-plataforma (sources)
[NX Daemon Server] - 2025-09-11T02:11:28.402Z - [WATCHER]: Stopping the watcher for D:\repos\plural-plataforma (outputs)
[NX Daemon Server] - 2025-09-11T02:30:07.013Z - Started listening on: \\.\pipe\nx\C:\Users\CARLAR~2\AppData\Local\Temp\d21a4b91f968e1b3ba9a\d.sock
[NX Daemon Server] - 2025-09-11T02:30:07.019Z - [WATCHER]: Subscribed to changes within: D:\repos\plural-plataforma (native)
[NX Daemon Server] - 2025-09-11T02:30:07.023Z - Established a connection. Number of open connections: 1
[NX Daemon Server] - 2025-09-11T02:30:07.024Z - Established a connection. Number of open connections: 2
[NX Daemon Server] - 2025-09-11T02:30:07.027Z - Closed a connection. Number of open connections: 1
[NX Daemon Server] - 2025-09-11T02:30:07.031Z - [REQUEST]: Responding to the client. Shutdown initiated
[NX Daemon Server] - 2025-09-11T02:30:07.035Z - Done responding to the client Shutdown initiated
[NX Daemon Server] - 2025-09-11T02:30:07.035Z - Handled FORCE_SHUTDOWN. Handling time: 0. Response time: 4.
[NX Daemon Server] - 2025-09-11T02:30:07.035Z - Closed a connection. Number of open connections: 0
[NX Daemon Server] - 2025-09-11T02:30:07.037Z - [WATCHER]: Stopping the watcher for D:\repos\plural-plataforma (sources)
[NX Daemon Server] - 2025-09-11T02:30:07.038Z - [WATCHER]: Stopping the watcher for D:\repos\plural-plataforma (outputs)
[NX Daemon Server] - 2025-09-13T02:50:34.873Z - Started listening on: \\.\pipe\nx\C:\Users\CARLAR~2\AppData\Local\Temp\d21a4b91f968e1b3ba9a\d.sock
[NX Daemon Server] - 2025-09-13T02:50:34.882Z - [WATCHER]: Subscribed to changes within: D:\repos\plural-plataforma (native)
[NX Daemon Server] - 2025-09-13T02:50:34.887Z - Established a connection. Number of open connections: 1
[NX Daemon Server] - 2025-09-13T02:50:34.889Z - Established a connection. Number of open connections: 2
[NX Daemon Server] - 2025-09-13T02:50:34.891Z - Closed a connection. Number of open connections: 1
[NX Daemon Server] - 2025-09-13T02:50:34.895Z - [REQUEST]: Responding to the client. Shutdown initiated
[NX Daemon Server] - 2025-09-13T02:50:34.897Z - Done responding to the client Shutdown initiated
[NX Daemon Server] - 2025-09-13T02:50:34.898Z - Handled FORCE_SHUTDOWN. Handling time: 0. Response time: 3.
[NX Daemon Server] - 2025-09-13T02:50:34.898Z - Closed a connection. Number of open connections: 0
[NX Daemon Server] - 2025-09-13T02:50:34.899Z - [WATCHER]: Stopping the watcher for D:\repos\plural-plataforma (sources)
[NX Daemon Server] - 2025-09-13T02:50:34.900Z - [WATCHER]: Stopping the watcher for D:\repos\plural-plataforma (outputs)
[NX Daemon Server] - 2025-09-13T02:58:05.658Z - Started listening on: \\.\pipe\nx\C:\Users\CARLAR~2\AppData\Local\Temp\d21a4b91f968e1b3ba9a\d.sock
[NX Daemon Server] - 2025-09-13T02:58:05.665Z - [WATCHER]: Subscribed to changes within: D:\repos\plural-plataforma (native)
[NX Daemon Server] - 2025-09-13T02:58:05.671Z - Established a connection. Number of open connections: 1
[NX Daemon Server] - 2025-09-13T02:58:05.673Z - Established a connection. Number of open connections: 2
[NX Daemon Server] - 2025-09-13T02:58:05.676Z - Closed a connection. Number of open connections: 1
[NX Daemon Server] - 2025-09-13T02:58:05.680Z - [REQUEST]: Responding to the client. Shutdown initiated
[NX Daemon Server] - 2025-09-13T02:58:05.683Z - Done responding to the client Shutdown initiated
[NX Daemon Server] - 2025-09-13T02:58:05.683Z - Handled FORCE_SHUTDOWN. Handling time: 0. Response time: 3.
[NX Daemon Server] - 2025-09-13T02:58:05.684Z - Closed a connection. Number of open connections: 0
[NX Daemon Server] - 2025-09-13T02:58:05.685Z - [WATCHER]: Stopping the watcher for D:\repos\plural-plataforma (sources)
[NX Daemon Server] - 2025-09-13T02:58:05.686Z - [WATCHER]: Stopping the watcher for D:\repos\plural-plataforma (outputs)
[NX Daemon Server] - 2025-09-13T03:19:31.081Z - Started listening on: \\.\pipe\nx\C:\Users\CARLAR~2\AppData\Local\Temp\d21a4b91f968e1b3ba9a\d.sock
[NX Daemon Server] - 2025-09-13T03:19:31.087Z - [WATCHER]: Subscribed to changes within: D:\repos\plural-plataforma (native)
[NX Daemon Server] - 2025-09-13T03:19:31.090Z - Established a connection. Number of open connections: 1
[NX Daemon Server] - 2025-09-13T03:19:31.090Z - Established a connection. Number of open connections: 2
[NX Daemon Server] - 2025-09-13T03:19:31.092Z - Closed a connection. Number of open connections: 1
[NX Daemon Server] - 2025-09-13T03:19:31.094Z - [REQUEST]: Client Request for Project Graph Received
[NX Daemon Server] - 2025-09-13T03:19:31.469Z - Time taken for 'Load Nx Plugin: D:\repos\plural-plataforma\node_modules\nx\src\plugins\package-json' 365.29979999999995ms
[NX Daemon Server] - 2025-09-13T03:19:31.483Z - Time taken for 'Load Nx Plugin: D:\repos\plural-plataforma\node_modules\nx\src\plugins\project-json\build-nodes\project-json' 374.23140000000006ms
[NX Daemon Server] - 2025-09-13T03:19:31.491Z - [REQUEST]: Updated workspace context based on watched changes, recomputing project graph...
[NX Daemon Server] - 2025-09-13T03:19:31.492Z - [REQUEST]: 
[NX Daemon Server] - 2025-09-13T03:19:31.492Z - [REQUEST]: 
[NX Daemon Server] - 2025-09-13T03:19:31.498Z - Time taken for 'loadNxPlugins' 394.46160000000003ms
[NX Daemon Server] - 2025-09-13T03:19:31.535Z - Time taken for 'build-project-configs' 20.627700000000004ms
[NX Daemon Server] - 2025-09-13T03:19:31.601Z - [SYNC]: collect registered sync generators
[NX Daemon Server] - 2025-09-13T03:19:31.603Z - [REQUEST]: Responding to the client. project-graph
[NX Daemon Server] - 2025-09-13T03:19:31.604Z - Time taken for 'total for creating and serializing project graph' 508.5114ms
[NX Daemon Server] - 2025-09-13T03:19:31.604Z - Done responding to the client project-graph
[NX Daemon Server] - 2025-09-13T03:19:31.604Z - Handled REQUEST_PROJECT_GRAPH. Handling time: 509. Response time: 1.
[NX Daemon Server] - 2025-09-13T03:20:36.444Z - Closed a connection. Number of open connections: 0
[NX Daemon Server] - 2025-09-13T03:21:27.250Z - Established a connection. Number of open connections: 1
[NX Daemon Server] - 2025-09-13T03:21:27.251Z - Closed a connection. Number of open connections: 0
[NX Daemon Server] - 2025-09-13T03:21:27.255Z - Established a connection. Number of open connections: 1
[NX Daemon Server] - 2025-09-13T03:21:27.264Z - [REQUEST]: Client Request for Project Graph Received
[NX Daemon Server] - 2025-09-13T03:21:27.266Z - [REQUEST]: Responding to the client. project-graph
[NX Daemon Server] - 2025-09-13T03:21:27.268Z - Time taken for 'total for creating and serializing project graph' 1.9383000000088941ms
[NX Daemon Server] - 2025-09-13T03:21:27.269Z - Done responding to the client project-graph
[NX Daemon Server] - 2025-09-13T03:21:27.269Z - Handled REQUEST_PROJECT_GRAPH. Handling time: 2. Response time: 3.
[NX Daemon Server] - 2025-09-13T03:21:58.917Z - Closed a connection. Number of open connections: 0
[NX Daemon Server] - 2025-09-13T03:22:30.301Z - Established a connection. Number of open connections: 1
[NX Daemon Server] - 2025-09-13T03:22:30.302Z - Closed a connection. Number of open connections: 0
[NX Daemon Server] - 2025-09-13T03:22:30.304Z - Established a connection. Number of open connections: 1
[NX Daemon Server] - 2025-09-13T03:22:30.306Z - [REQUEST]: Client Request for Project Graph Received
[NX Daemon Server] - 2025-09-13T03:22:30.307Z - [REQUEST]: Responding to the client. project-graph
[NX Daemon Server] - 2025-09-13T03:22:30.308Z - Time taken for 'total for creating and serializing project graph' 0.9795999999914784ms
[NX Daemon Server] - 2025-09-13T03:22:30.309Z - Done responding to the client project-graph
[NX Daemon Server] - 2025-09-13T03:22:30.309Z - Handled REQUEST_PROJECT_GRAPH. Handling time: 1. Response time: 2.
[NX Daemon Server] - 2025-09-13T03:23:37.395Z - [REQUEST]: Client Request for Project Graph Received
[NX Daemon Server] - 2025-09-13T03:23:37.396Z - [REQUEST]: Responding to the client. project-graph
[NX Daemon Server] - 2025-09-13T03:23:37.397Z - Time taken for 'total for creating and serializing project graph' 0.9755000000004657ms
[NX Daemon Server] - 2025-09-13T03:23:37.398Z - Done responding to the client project-graph
[NX Daemon Server] - 2025-09-13T03:23:37.398Z - Handled REQUEST_PROJECT_GRAPH. Handling time: 1. Response time: 2.
[NX Daemon Server] - 2025-09-13T03:23:37.461Z - [REQUEST]: Responding to the client. handleGlob
[NX Daemon Server] - 2025-09-13T03:23:37.461Z - Done responding to the client handleGlob
[NX Daemon Server] - 2025-09-13T03:23:37.462Z - Handled GLOB. Handling time: 2. Response time: 1.
[NX Daemon Server] - 2025-09-13T03:23:37.557Z - [REQUEST]: Client Request for Project Graph Received
[NX Daemon Server] - 2025-09-13T03:23:37.558Z - [REQUEST]: Responding to the client. project-graph
[NX Daemon Server] - 2025-09-13T03:23:37.559Z - Time taken for 'total for creating and serializing project graph' 0.9507999999914318ms
[NX Daemon Server] - 2025-09-13T03:23:37.560Z - Done responding to the client project-graph
[NX Daemon Server] - 2025-09-13T03:23:37.560Z - Handled REQUEST_PROJECT_GRAPH. Handling time: 1. Response time: 2.
[NX Daemon Server] - 2025-09-13T03:23:37.567Z - [REQUEST]: Responding to the client. handleGlob
[NX Daemon Server] - 2025-09-13T03:23:37.568Z - Done responding to the client handleGlob
[NX Daemon Server] - 2025-09-13T03:23:37.568Z - Handled GLOB. Handling time: 0. Response time: 1.
[NX Daemon Server] - 2025-09-13T03:23:37.576Z - [REQUEST]: Responding to the client. handleGlob
[NX Daemon Server] - 2025-09-13T03:23:37.577Z - Done responding to the client handleGlob
[NX Daemon Server] - 2025-09-13T03:23:37.577Z - Handled GLOB. Handling time: 0. Response time: 1.
[NX Daemon Server] - 2025-09-13T03:23:38.094Z - [REQUEST]: Responding to the client. handleHashGlob
[NX Daemon Server] - 2025-09-13T03:23:38.094Z - Done responding to the client handleHashGlob
[NX Daemon Server] - 2025-09-13T03:23:38.094Z - Handled HASH_GLOB. Handling time: 1. Response time: 1.
[NX Daemon Server] - 2025-09-13T03:23:38.227Z - [REQUEST]: Client Request for Project Graph Received
[NX Daemon Server] - 2025-09-13T03:23:38.228Z - [REQUEST]: Responding to the client. project-graph
[NX Daemon Server] - 2025-09-13T03:23:38.229Z - Time taken for 'total for creating and serializing project graph' 1.274600000004284ms
[NX Daemon Server] - 2025-09-13T03:23:38.230Z - Done responding to the client project-graph
[NX Daemon Server] - 2025-09-13T03:23:38.230Z - Handled REQUEST_PROJECT_GRAPH. Handling time: 1. Response time: 2.
[NX Daemon Server] - 2025-09-13T03:23:38.280Z - [REQUEST]: Client Request for Project Graph Received
[NX Daemon Server] - 2025-09-13T03:23:38.281Z - [REQUEST]: Responding to the client. project-graph
[NX Daemon Server] - 2025-09-13T03:23:38.283Z - Time taken for 'total for creating and serializing project graph' 1.6160999999847263ms
[NX Daemon Server] - 2025-09-13T03:23:38.284Z - Done responding to the client project-graph
[NX Daemon Server] - 2025-09-13T03:23:38.284Z - Handled REQUEST_PROJECT_GRAPH. Handling time: 1. Response time: 3.
[NX Daemon Server] - 2025-09-13T03:23:38.289Z - [REQUEST]: Responding to the client. handleGlob
[NX Daemon Server] - 2025-09-13T03:23:38.290Z - Done responding to the client handleGlob
[NX Daemon Server] - 2025-09-13T03:23:38.290Z - Handled GLOB. Handling time: 1. Response time: 1.
[NX Daemon Server] - 2025-09-13T03:24:01.488Z - Established a connection. Number of open connections: 2
[NX Daemon Server] - 2025-09-13T03:24:01.488Z - Closed a connection. Number of open connections: 1
[NX Daemon Server] - 2025-09-13T03:24:01.489Z - Established a connection. Number of open connections: 2
[NX Daemon Server] - 2025-09-13T03:24:01.490Z - [REQUEST]: Client Request for Project Graph Received
[NX Daemon Server] - 2025-09-13T03:24:01.491Z - [REQUEST]: Responding to the client. project-graph
[NX Daemon Server] - 2025-09-13T03:24:01.492Z - Time taken for 'total for creating and serializing project graph' 0.9344000000273809ms
[NX Daemon Server] - 2025-09-13T03:24:01.492Z - Done responding to the client project-graph
[NX Daemon Server] - 2025-09-13T03:24:01.492Z - Handled REQUEST_PROJECT_GRAPH. Handling time: 1. Response time: 1.
[NX Daemon Server] - 2025-09-13T03:24:01.507Z - [REQUEST]: Responding to the client. handleGlob
[NX Daemon Server] - 2025-09-13T03:24:01.507Z - Done responding to the client handleGlob
[NX Daemon Server] - 2025-09-13T03:24:01.507Z - Handled GLOB. Handling time: 0. Response time: 1.
[NX Daemon Server] - 2025-09-13T03:24:01.515Z - [REQUEST]: Responding to the client. handleHashGlob
[NX Daemon Server] - 2025-09-13T03:24:01.515Z - Done responding to the client handleHashGlob
[NX Daemon Server] - 2025-09-13T03:24:01.515Z - Handled HASH_GLOB. Handling time: 1. Response time: 0.
[NX Daemon Server] - 2025-09-13T03:24:52.470Z - Established a connection. Number of open connections: 3
[NX Daemon Server] - 2025-09-13T03:24:52.470Z - Closed a connection. Number of open connections: 2
[NX Daemon Server] - 2025-09-13T03:24:52.471Z - Established a connection. Number of open connections: 3
[NX Daemon Server] - 2025-09-13T03:24:52.473Z - [REQUEST]: Client Request for Project Graph Received
[NX Daemon Server] - 2025-09-13T03:24:52.474Z - [REQUEST]: Responding to the client. project-graph
[NX Daemon Server] - 2025-09-13T03:24:52.475Z - Time taken for 'total for creating and serializing project graph' 0.9851999999955297ms
[NX Daemon Server] - 2025-09-13T03:24:52.475Z - Done responding to the client project-graph
[NX Daemon Server] - 2025-09-13T03:24:52.475Z - Handled REQUEST_PROJECT_GRAPH. Handling time: 1. Response time: 1.
[NX Daemon Server] - 2025-09-13T03:24:52.481Z - [REQUEST]: Responding to the client. handleGlob
[NX Daemon Server] - 2025-09-13T03:24:52.482Z - Done responding to the client handleGlob
[NX Daemon Server] - 2025-09-13T03:24:52.482Z - Handled GLOB. Handling time: 0. Response time: 1.
[NX Daemon Server] - 2025-09-13T03:24:52.568Z - [REQUEST]: Client Request for Project Graph Received
[NX Daemon Server] - 2025-09-13T03:24:52.569Z - [REQUEST]: Responding to the client. project-graph
[NX Daemon Server] - 2025-09-13T03:24:52.570Z - Time taken for 'total for creating and serializing project graph' 1.1032000000122935ms
[NX Daemon Server] - 2025-09-13T03:24:52.570Z - Done responding to the client project-graph
[NX Daemon Server] - 2025-09-13T03:24:52.570Z - Handled REQUEST_PROJECT_GRAPH. Handling time: 1. Response time: 1.
[NX Daemon Server] - 2025-09-13T03:24:52.626Z - [REQUEST]: Client Request for Project Graph Received
[NX Daemon Server] - 2025-09-13T03:24:52.627Z - [REQUEST]: Responding to the client. project-graph
[NX Daemon Server] - 2025-09-13T03:24:52.628Z - Time taken for 'total for creating and serializing project graph' 1.2256000000052154ms
[NX Daemon Server] - 2025-09-13T03:24:52.629Z - Done responding to the client project-graph
[NX Daemon Server] - 2025-09-13T03:24:52.629Z - Handled REQUEST_PROJECT_GRAPH. Handling time: 1. Response time: 2.
[NX Daemon Server] - 2025-09-13T03:24:54.265Z - [WATCHER]: Processing file changes in outputs
[NX Daemon Server] - 2025-09-13T03:24:54.269Z - [WATCHER]: 0 file(s) created or restored, 27 file(s) modified, 0 file(s) deleted
[NX Daemon Server] - 2025-09-13T03:24:54.275Z - [WATCHER]: Stopping the watcher for D:\repos\plural-plataforma (sources)
[NX Daemon Server] - 2025-09-13T03:24:54.275Z - Closed a connection. Number of open connections: 2
[NX Daemon Server] - 2025-09-13T03:24:54.275Z - Closed a connection. Number of open connections: 1
[NX Daemon Server] - 2025-09-13T03:24:54.276Z - Closed a connection. Number of open connections: 0
[NX Daemon Server] - 2025-09-13T03:24:54.276Z - [WATCHER]: Stopping the watcher for D:\repos\plural-plataforma (outputs)

> NX runtime error err=cannot send event from fs watcher: sending into a closed channel


> NX runtime error err=cannot send event from fs watcher: sending into a closed channel


> NX runtime error err=cannot send event from fs watcher: sending into a closed channel


> NX runtime error err=cannot send event from fs watcher: sending into a closed channel


> NX runtime error err=cannot send event from fs watcher: sending into a closed channel


> NX runtime error err=cannot send event from fs watcher: sending into a closed channel


> NX runtime error err=cannot send event from fs watcher: sending into a closed channel


> NX runtime error err=cannot send event from fs watcher: sending into a closed channel


> NX runtime error err=cannot send event from fs watcher: sending into a closed channel


> NX runtime error err=cannot send event from fs watcher: sending into a closed channel


> NX runtime error err=cannot send event from fs watcher: sending into a closed channel


> NX runtime error err=cannot send event from fs watcher: sending into a closed channel


> NX runtime error err=cannot send event from fs watcher: sending into a closed channel


> NX runtime error err=cannot send event from fs watcher: sending into a closed channel


> NX runtime error err=cannot send event from fs watcher: sending into a closed channel


> NX runtime error err=cannot send event from fs watcher: sending into a closed channel


> NX runtime error err=cannot send event from fs watcher: sending into a closed channel

[NX Daemon Server] - 2025-09-13T03:41:04.622Z - Started listening on: \\.\pipe\nx\C:\Users\CARLAR~2\AppData\Local\Temp\d21a4b91f968e1b3ba9a\d.sock
[NX Daemon Server] - 2025-09-13T03:41:04.635Z - [WATCHER]: Subscribed to changes within: D:\repos\plural-plataforma (native)
[NX Daemon Server] - 2025-09-13T03:41:04.643Z - Established a connection. Number of open connections: 1
[NX Daemon Server] - 2025-09-13T03:41:04.646Z - Established a connection. Number of open connections: 2
[NX Daemon Server] - 2025-09-13T03:41:04.649Z - Closed a connection. Number of open connections: 1
[NX Daemon Server] - 2025-09-13T03:41:04.658Z - [REQUEST]: Responding to the client. Shutdown initiated
[NX Daemon Server] - 2025-09-13T03:41:04.663Z - Done responding to the client Shutdown initiated
[NX Daemon Server] - 2025-09-13T03:41:04.663Z - Handled FORCE_SHUTDOWN. Handling time: 1. Response time: 5.
[NX Daemon Server] - 2025-09-13T03:41:04.664Z - Closed a connection. Number of open connections: 0
[NX Daemon Server] - 2025-09-13T03:41:04.667Z - [WATCHER]: Stopping the watcher for D:\repos\plural-plataforma (sources)
[NX Daemon Server] - 2025-09-13T03:41:04.668Z - [WATCHER]: Stopping the watcher for D:\repos\plural-plataforma (outputs)
[NX Daemon Server] - 2025-09-13T03:47:50.093Z - Started listening on: \\.\pipe\nx\C:\Users\CARLAR~2\AppData\Local\Temp\d21a4b91f968e1b3ba9a\d.sock
[NX Daemon Server] - 2025-09-13T03:47:50.101Z - [WATCHER]: Subscribed to changes within: D:\repos\plural-plataforma (native)
[NX Daemon Server] - 2025-09-13T03:47:50.109Z - Established a connection. Number of open connections: 1
[NX Daemon Server] - 2025-09-13T03:47:50.115Z - Closed a connection. Number of open connections: 0
[NX Daemon Server] - 2025-09-13T03:47:50.117Z - Established a connection. Number of open connections: 1
[NX Daemon Server] - 2025-09-13T03:47:50.126Z - [REQUEST]: Responding to the client. Shutdown initiated
[NX Daemon Server] - 2025-09-13T03:47:50.129Z - Done responding to the client Shutdown initiated
[NX Daemon Server] - 2025-09-13T03:47:50.129Z - Handled FORCE_SHUTDOWN. Handling time: 0. Response time: 4.
[NX Daemon Server] - 2025-09-13T03:47:50.130Z - Closed a connection. Number of open connections: 0
[NX Daemon Server] - 2025-09-13T03:47:50.131Z - [WATCHER]: Stopping the watcher for D:\repos\plural-plataforma (sources)
[NX Daemon Server] - 2025-09-13T03:47:50.132Z - [WATCHER]: Stopping the watcher for D:\repos\plural-plataforma (outputs)
